// Jest Snapshot v1, https://goo.gl/fbAQLP

exports[`Home Snapshot 1`] = `
<div
  className="home"
>
  <h1>
    Battleship react
  </h1>
  <div
    className="name-container"
  >
    <p>
      Name
    </p>
    <input
      className="input-name"
      onChange={[Function]}
      type="text"
      value="someone"
    />
  </div>
  <Connect(Board)
    title="Place your ships admiral"
    type="edition"
  />
  <button
    className="play"
    disabled={true}
    onClick={[Function]}
    type="button"
  >
    Play
  </button>
</div>
`;
